// Jest Snapshot v1, https://goo.gl/fbAQLP

exports[`<Item/> renders and matches snapshot 1`] = `
<div
  className="p_wrapper"
>
  <span
    className=" p_wrapper-num c-w"
  />
  <div
    className="p_wrapper-inner"
  >
    <Link
      href={
        Object {
          "pathname": "/item",
          "query": Object {
            "id": "ABC",
          },
        }
      }
    >
      <div
        className="p_wrapper-inner-w"
      >
        <span>
          <img
            alt="cool item"
            src="dog.jpg"
          />
        </span>
        <span>
          <div
            className="c-w price"
          >
            $40
          </div>
          <div
            className="c-w"
          >
            cool item
          </div>
          <div
            className="c-w"
          >
            <div>
              do negocjacji
            </div>
          </div>
          <div
            className="c-w"
          >
             by author
          </div>
        </span>
      </div>
    </Link>
    <div
      className="p_wrapper-inner-btnlist"
    >
      <Link
        href={
          Object {
            "pathname": "update",
            "query": Object {
              "id": "ABC",
            },
          }
        }
      >
        <button>
          edit
        </button>
      </Link>
      <AddToCart
        id="ABC"
      />
      <DeleteItem
        id="ABC"
      />
    </div>
  </div>
</div>
`;
